// Vitest Snapshot v1, https://vitest.dev/guide/snapshot.html

exports[`PostCard > should match snapshot 1`] = `
<div>
  <div
    class="post"
  >
    <div
      class="post-meta"
    >
      <p
        class="post-date"
      >
        Jun 14, 2023
      </p>
      <p
        class="post-reading-time"
      >
        2 min read
      </p>
    </div>
    <h3
      class="post-title"
    >
      <a
        aria-label="Test Post Title"
        href="/writing/test-post"
      >
        Test Post Title
      </a>
    </h3>
    <p
      class="truncated-text"
    >
      This is a test post excerpt that should be displayed.
    </p>
  </div>
</div>
`;
