// Vitest Snapshot v1, https://vitest.dev/guide/snapshot.html

exports[`PostCard > should match snapshot 1`] = `
<div>
  <div
    class="post group rounded-lg -mx-3 px-3 py-2 transition-colors duration-200 hover:bg-muted/40"
  >
    <div
      class="post-meta"
    >
      <p
        class="post-date"
      >
        Jun 14, 2023
      </p>
    </div>
    <h3
      class="post-title"
    >
      <a
        aria-label="Test Post Title"
        class="focus-visible:outline-none focus-visible:ring-2 focus-visible:ring-accent focus-visible:ring-offset-2 rounded-sm"
        href="/writing/test-post"
      >
        Test Post Title
      </a>
    </h3>
    <p
      class="truncated-text"
    >
      This is a test post excerpt that should be displayed.
    </p>
  </div>
</div>
`;
