// Vitest Snapshot v1, https://vitest.dev/guide/snapshot.html

exports[`PostLayout > should match snapshot 1`] = `
<div>
  <article
    class="max-w-2xl mx-auto"
  >
    <header
      class="mb-8"
    >
      <div
        class="section-label flex items-center gap-2 mb-3"
      >
        <time
          datetime="2023-01-01"
        >
          December 31, 2022
        </time>
      </div>
      <h1
        class="font-serif text-3xl md:text-4xl font-normal italic leading-tight mb-4 text-foreground"
      >
        Test Post
      </h1>
      <p
        class="section-subtitle text-lg"
      >
        This is a test post.
      </p>
      <div
        aria-hidden="true"
        class="section-rule mt-6"
      />
    </header>
    <div
      class="prose prose-slate max-w-none mb-12 prose-headings:font-serif prose-a:text-accent prose-a:no-underline hover:prose-a:text-accent/80"
    >
      <p>
        This is the content of the test post.
      </p>
    </div>
  </article>
</div>
`;
